Analysis & Synthesis report for Proje
Sat Oct 10 17:06:56 2015
Quartus II 64-Bit Version 13.0.0 Build 156 04/24/2013 SJ Web Edition


---------------------
; Table of Contents ;
---------------------
  1. Legal Notice
  2. Analysis & Synthesis Summary
  3. Analysis & Synthesis Settings
  4. Parallel Compilation
  5. Analysis & Synthesis Source Files Read
  6. Analysis & Synthesis Resource Usage Summary
  7. Analysis & Synthesis Resource Utilization by Entity
  8. General Register Statistics
  9. Port Connectivity Checks: "Proje:comb_3|Sub4:mySub|Adder4:addProcess"
 10. Port Connectivity Checks: "Proje:comb_3|Sub4:mySub"
 11. Port Connectivity Checks: "Proje:comb_3|Adder4:myAdd"
 12. Elapsed Time Per Partition
 13. Analysis & Synthesis Messages



----------------
; Legal Notice ;
----------------
Copyright (C) 1991-2013 Altera Corporation
Your use of Altera Corporation's design tools, logic functions 
and other software and tools, and its AMPP partner logic 
functions, and any output files from any of the foregoing 
(including device programming or simulation files), and any 
associated documentation or information are expressly subject 
to the terms and conditions of the Altera Program License 
Subscription Agreement, Altera MegaCore Function License 
Agreement, or other applicable license agreement, including, 
without limitation, that your use is for the sole purpose of 
programming logic devices manufactured by Altera and sold by 
Altera or its authorized distributors.  Please refer to the 
applicable agreement for further details.



+---------------------------------------------------------------------------------+
; Analysis & Synthesis Summary                                                    ;
+------------------------------------+--------------------------------------------+
; Analysis & Synthesis Status        ; Successful - Sat Oct 10 17:06:56 2015      ;
; Quartus II 64-Bit Version          ; 13.0.0 Build 156 04/24/2013 SJ Web Edition ;
; Revision Name                      ; Proje                                      ;
; Top-level Entity Name              ; Proje_Pin                                  ;
; Family                             ; Cyclone III                                ;
; Total logic elements               ; 18                                         ;
;     Total combinational functions  ; 18                                         ;
;     Dedicated logic registers      ; 0                                          ;
; Total registers                    ; 0                                          ;
; Total pins                         ; 27                                         ;
; Total virtual pins                 ; 0                                          ;
; Total memory bits                  ; 0                                          ;
; Embedded Multiplier 9-bit elements ; 0                                          ;
; Total PLLs                         ; 0                                          ;
+------------------------------------+--------------------------------------------+


+----------------------------------------------------------------------------------------------------------------------+
; Analysis & Synthesis Settings                                                                                        ;
+----------------------------------------------------------------------------+--------------------+--------------------+
; Option                                                                     ; Setting            ; Default Value      ;
+----------------------------------------------------------------------------+--------------------+--------------------+
; Device                                                                     ; EP3C16F484C6       ;                    ;
; Top-level entity name                                                      ; Proje_Pin          ; Proje              ;
; Family name                                                                ; Cyclone III        ; Cyclone IV GX      ;
; Use smart compilation                                                      ; Off                ; Off                ;
; Enable parallel Assembler and TimeQuest Timing Analyzer during compilation ; On                 ; On                 ;
; Enable compact report table                                                ; Off                ; Off                ;
; Restructure Multiplexers                                                   ; Auto               ; Auto               ;
; Create Debugging Nodes for IP Cores                                        ; Off                ; Off                ;
; Preserve fewer node names                                                  ; On                 ; On                 ;
; Disable OpenCore Plus hardware evaluation                                  ; Off                ; Off                ;
; Verilog Version                                                            ; Verilog_2001       ; Verilog_2001       ;
; VHDL Version                                                               ; VHDL_1993          ; VHDL_1993          ;
; State Machine Processing                                                   ; Auto               ; Auto               ;
; Safe State Machine                                                         ; Off                ; Off                ;
; Extract Verilog State Machines                                             ; On                 ; On                 ;
; Extract VHDL State Machines                                                ; On                 ; On                 ;
; Ignore Verilog initial constructs                                          ; Off                ; Off                ;
; Iteration limit for constant Verilog loops                                 ; 5000               ; 5000               ;
; Iteration limit for non-constant Verilog loops                             ; 250                ; 250                ;
; Add Pass-Through Logic to Inferred RAMs                                    ; On                 ; On                 ;
; Infer RAMs from Raw Logic                                                  ; On                 ; On                 ;
; Parallel Synthesis                                                         ; On                 ; On                 ;
; DSP Block Balancing                                                        ; Auto               ; Auto               ;
; NOT Gate Push-Back                                                         ; On                 ; On                 ;
; Power-Up Don't Care                                                        ; On                 ; On                 ;
; Remove Redundant Logic Cells                                               ; Off                ; Off                ;
; Remove Duplicate Registers                                                 ; On                 ; On                 ;
; Ignore CARRY Buffers                                                       ; Off                ; Off                ;
; Ignore CASCADE Buffers                                                     ; Off                ; Off                ;
; Ignore GLOBAL Buffers                                                      ; Off                ; Off                ;
; Ignore ROW GLOBAL Buffers                                                  ; Off                ; Off                ;
; Ignore LCELL Buffers                                                       ; Off                ; Off                ;
; Ignore SOFT Buffers                                                        ; On                 ; On                 ;
; Limit AHDL Integers to 32 Bits                                             ; Off                ; Off                ;
; Optimization Technique                                                     ; Balanced           ; Balanced           ;
; Carry Chain Length                                                         ; 70                 ; 70                 ;
; Auto Carry Chains                                                          ; On                 ; On                 ;
; Auto Open-Drain Pins                                                       ; On                 ; On                 ;
; Perform WYSIWYG Primitive Resynthesis                                      ; Off                ; Off                ;
; Auto ROM Replacement                                                       ; On                 ; On                 ;
; Auto RAM Replacement                                                       ; On                 ; On                 ;
; Auto DSP Block Replacement                                                 ; On                 ; On                 ;
; Auto Shift Register Replacement                                            ; Auto               ; Auto               ;
; Allow Shift Register Merging across Hierarchies                            ; Auto               ; Auto               ;
; Auto Clock Enable Replacement                                              ; On                 ; On                 ;
; Strict RAM Replacement                                                     ; Off                ; Off                ;
; Allow Synchronous Control Signals                                          ; On                 ; On                 ;
; Force Use of Synchronous Clear Signals                                     ; Off                ; Off                ;
; Auto RAM Block Balancing                                                   ; On                 ; On                 ;
; Auto RAM to Logic Cell Conversion                                          ; Off                ; Off                ;
; Auto Resource Sharing                                                      ; Off                ; Off                ;
; Allow Any RAM Size For Recognition                                         ; Off                ; Off                ;
; Allow Any ROM Size For Recognition                                         ; Off                ; Off                ;
; Allow Any Shift Register Size For Recognition                              ; Off                ; Off                ;
; Use LogicLock Constraints during Resource Balancing                        ; On                 ; On                 ;
; Ignore translate_off and synthesis_off directives                          ; Off                ; Off                ;
; Timing-Driven Synthesis                                                    ; On                 ; On                 ;
; Report Parameter Settings                                                  ; On                 ; On                 ;
; Report Source Assignments                                                  ; On                 ; On                 ;
; Report Connectivity Checks                                                 ; On                 ; On                 ;
; Ignore Maximum Fan-Out Assignments                                         ; Off                ; Off                ;
; Synchronization Register Chain Length                                      ; 2                  ; 2                  ;
; PowerPlay Power Optimization                                               ; Normal compilation ; Normal compilation ;
; HDL message level                                                          ; Level2             ; Level2             ;
; Suppress Register Optimization Related Messages                            ; Off                ; Off                ;
; Number of Removed Registers Reported in Synthesis Report                   ; 5000               ; 5000               ;
; Number of Swept Nodes Reported in Synthesis Report                         ; 5000               ; 5000               ;
; Number of Inverted Registers Reported in Synthesis Report                  ; 100                ; 100                ;
; Clock MUX Protection                                                       ; On                 ; On                 ;
; Auto Gated Clock Conversion                                                ; Off                ; Off                ;
; Block Design Naming                                                        ; Auto               ; Auto               ;
; SDC constraint protection                                                  ; Off                ; Off                ;
; Synthesis Effort                                                           ; Auto               ; Auto               ;
; Shift Register Replacement - Allow Asynchronous Clear Signal               ; On                 ; On                 ;
; Pre-Mapping Resynthesis Optimization                                       ; Off                ; Off                ;
; Analysis & Synthesis Message Level                                         ; Medium             ; Medium             ;
; Disable Register Merging Across Hierarchies                                ; Auto               ; Auto               ;
; Resource Aware Inference For Block RAM                                     ; On                 ; On                 ;
; Synthesis Seed                                                             ; 1                  ; 1                  ;
+----------------------------------------------------------------------------+--------------------+--------------------+


Parallel compilation was disabled, but you have multiple processors available. Enable parallel compilation to reduce compilation time.
+-------------------------------------+
; Parallel Compilation                ;
+----------------------------+--------+
; Processors                 ; Number ;
+----------------------------+--------+
; Number detected on machine ; 8      ;
; Maximum allowed            ; 1      ;
+----------------------------+--------+


+------------------------------------------------------------------------------------------------------------------------------------------+
; Analysis & Synthesis Source Files Read                                                                                                   ;
+----------------------------------+-----------------+------------------------------+--------------------------------------------+---------+
; File Name with User-Entered Path ; Used in Netlist ; File Type                    ; File Name with Absolute Path               ; Library ;
+----------------------------------+-----------------+------------------------------+--------------------------------------------+---------+
; MyXor.v                          ; yes             ; User Verilog HDL File        ; C:/Users/YAVUZ/Desktop/test/MyXor.v        ;         ;
; MyAnd.v                          ; yes             ; User Verilog HDL File        ; C:/Users/YAVUZ/Desktop/test/MyAnd.v        ;         ;
; mux_full.v                       ; yes             ; User Verilog HDL File        ; C:/Users/YAVUZ/Desktop/test/mux_full.v     ;         ;
; Sub4.v                           ; yes             ; User Verilog HDL File        ; C:/Users/YAVUZ/Desktop/test/Sub4.v         ;         ;
; mux_base.v                       ; yes             ; User Verilog HDL File        ; C:/Users/YAVUZ/Desktop/test/mux_base.v     ;         ;
; Adder4.v                         ; yes             ; User Verilog HDL File        ; C:/Users/YAVUZ/Desktop/test/Adder4.v       ;         ;
; Adder1.v                         ; yes             ; User Verilog HDL File        ; C:/Users/YAVUZ/Desktop/test/Adder1.v       ;         ;
; SevenSegment.v                   ; yes             ; User Verilog HDL File        ; C:/Users/YAVUZ/Desktop/test/SevenSegment.v ;         ;
; Proje_Pin.v                      ; yes             ; User Verilog HDL File        ; C:/Users/YAVUZ/Desktop/test/Proje_Pin.v    ;         ;
; proje.v                          ; yes             ; Auto-Found Verilog HDL File  ; C:/Users/YAVUZ/Desktop/test/proje.v        ;         ;
+----------------------------------+-----------------+------------------------------+--------------------------------------------+---------+


+-------------------------------------------------------------------------------------------------------+
; Analysis & Synthesis Resource Usage Summary                                                           ;
+---------------------------------------------+---------------------------------------------------------+
; Resource                                    ; Usage                                                   ;
+---------------------------------------------+---------------------------------------------------------+
; Estimated Total logic elements              ; 18                                                      ;
;                                             ;                                                         ;
; Total combinational functions               ; 18                                                      ;
; Logic element usage by number of LUT inputs ;                                                         ;
;     -- 4 input functions                    ; 16                                                      ;
;     -- 3 input functions                    ; 2                                                       ;
;     -- <=2 input functions                  ; 0                                                       ;
;                                             ;                                                         ;
; Logic elements by mode                      ;                                                         ;
;     -- normal mode                          ; 18                                                      ;
;     -- arithmetic mode                      ; 0                                                       ;
;                                             ;                                                         ;
; Total registers                             ; 0                                                       ;
;     -- Dedicated logic registers            ; 0                                                       ;
;     -- I/O registers                        ; 0                                                       ;
;                                             ;                                                         ;
; I/O pins                                    ; 27                                                      ;
; Embedded Multiplier 9-bit elements          ; 0                                                       ;
; Maximum fan-out node                        ; Proje:comb_3|mux_full:testme|mux_base:calcbit3|result~3 ;
; Maximum fan-out                             ; 8                                                       ;
; Total fan-out                               ; 108                                                     ;
; Average fan-out                             ; 1.50                                                    ;
+---------------------------------------------+---------------------------------------------------------+


+-----------------------------------------------------------------------------------------------------------------------------------------------------------------------------------------------------------------------------+
; Analysis & Synthesis Resource Utilization by Entity                                                                                                                                                                         ;
+------------------------------+-------------------+--------------+-------------+--------------+---------+-----------+------+--------------+-------------------------------------------------------------------+--------------+
; Compilation Hierarchy Node   ; LC Combinationals ; LC Registers ; Memory Bits ; DSP Elements ; DSP 9x9 ; DSP 18x18 ; Pins ; Virtual Pins ; Full Hierarchy Name                                               ; Library Name ;
+------------------------------+-------------------+--------------+-------------+--------------+---------+-----------+------+--------------+-------------------------------------------------------------------+--------------+
; |Proje_Pin                   ; 18 (0)            ; 0 (0)        ; 0           ; 0            ; 0       ; 0         ; 27   ; 0            ; |Proje_Pin                                                        ;              ;
;    |Proje:comb_3|            ; 18 (0)            ; 0 (0)        ; 0           ; 0            ; 0       ; 0         ; 0    ; 0            ; |Proje_Pin|Proje:comb_3                                           ;              ;
;       |Adder4:myAdd|         ; 1 (0)             ; 0 (0)        ; 0           ; 0            ; 0       ; 0         ; 0    ; 0            ; |Proje_Pin|Proje:comb_3|Adder4:myAdd                              ;              ;
;          |Adder1:addr2|      ; 1 (1)             ; 0 (0)        ; 0           ; 0            ; 0       ; 0         ; 0    ; 0            ; |Proje_Pin|Proje:comb_3|Adder4:myAdd|Adder1:addr2                 ;              ;
;       |SevenSegment:mySS|    ; 7 (7)             ; 0 (0)        ; 0           ; 0            ; 0       ; 0         ; 0    ; 0            ; |Proje_Pin|Proje:comb_3|SevenSegment:mySS                         ;              ;
;       |Sub4:mySub|           ; 1 (0)             ; 0 (0)        ; 0           ; 0            ; 0       ; 0         ; 0    ; 0            ; |Proje_Pin|Proje:comb_3|Sub4:mySub                                ;              ;
;          |Adder4:addProcess| ; 1 (0)             ; 0 (0)        ; 0           ; 0            ; 0       ; 0         ; 0    ; 0            ; |Proje_Pin|Proje:comb_3|Sub4:mySub|Adder4:addProcess              ;              ;
;             |Adder1:addr2|   ; 1 (1)             ; 0 (0)        ; 0           ; 0            ; 0       ; 0         ; 0    ; 0            ; |Proje_Pin|Proje:comb_3|Sub4:mySub|Adder4:addProcess|Adder1:addr2 ;              ;
;       |mux_full:testme|      ; 9 (0)             ; 0 (0)        ; 0           ; 0            ; 0       ; 0         ; 0    ; 0            ; |Proje_Pin|Proje:comb_3|mux_full:testme                           ;              ;
;          |mux_base:calcbit0| ; 1 (1)             ; 0 (0)        ; 0           ; 0            ; 0       ; 0         ; 0    ; 0            ; |Proje_Pin|Proje:comb_3|mux_full:testme|mux_base:calcbit0         ;              ;
;          |mux_base:calcbit1| ; 2 (2)             ; 0 (0)        ; 0           ; 0            ; 0       ; 0         ; 0    ; 0            ; |Proje_Pin|Proje:comb_3|mux_full:testme|mux_base:calcbit1         ;              ;
;          |mux_base:calcbit2| ; 2 (2)             ; 0 (0)        ; 0           ; 0            ; 0       ; 0         ; 0    ; 0            ; |Proje_Pin|Proje:comb_3|mux_full:testme|mux_base:calcbit2         ;              ;
;          |mux_base:calcbit3| ; 4 (4)             ; 0 (0)        ; 0           ; 0            ; 0       ; 0         ; 0    ; 0            ; |Proje_Pin|Proje:comb_3|mux_full:testme|mux_base:calcbit3         ;              ;
+------------------------------+-------------------+--------------+-------------+--------------+---------+-----------+------+--------------+-------------------------------------------------------------------+--------------+
Note: For table entries with two numbers listed, the numbers in parentheses indicate the number of resources of the given type used by the specific entity alone. The numbers listed outside of parentheses indicate the total resources of the given type used by the specific entity and all of its sub-entities in the hierarchy.


+------------------------------------------------------+
; General Register Statistics                          ;
+----------------------------------------------+-------+
; Statistic                                    ; Value ;
+----------------------------------------------+-------+
; Total registers                              ; 0     ;
; Number of registers using Synchronous Clear  ; 0     ;
; Number of registers using Synchronous Load   ; 0     ;
; Number of registers using Asynchronous Clear ; 0     ;
; Number of registers using Asynchronous Load  ; 0     ;
; Number of registers using Clock Enable       ; 0     ;
; Number of registers using Preset             ; 0     ;
+----------------------------------------------+-------+


+-----------------------------------------------------------------------+
; Port Connectivity Checks: "Proje:comb_3|Sub4:mySub|Adder4:addProcess" ;
+---------+-------+----------+------------------------------------------+
; Port    ; Type  ; Severity ; Details                                  ;
+---------+-------+----------+------------------------------------------+
; carryIn ; Input ; Info     ; Stuck at VCC                             ;
+---------+-------+----------+------------------------------------------+


+--------------------------------------------------------------------------------------------------------------------+
; Port Connectivity Checks: "Proje:comb_3|Sub4:mySub"                                                                ;
+----------+--------+----------+-------------------------------------------------------------------------------------+
; Port     ; Type   ; Severity ; Details                                                                             ;
+----------+--------+----------+-------------------------------------------------------------------------------------+
; carryOut ; Output ; Info     ; Connected to dangling logic. Logic that only feeds a dangling port will be removed. ;
+----------+--------+----------+-------------------------------------------------------------------------------------+


+--------------------------------------------------------------------------------------------------------------------+
; Port Connectivity Checks: "Proje:comb_3|Adder4:myAdd"                                                              ;
+----------+--------+----------+-------------------------------------------------------------------------------------+
; Port     ; Type   ; Severity ; Details                                                                             ;
+----------+--------+----------+-------------------------------------------------------------------------------------+
; carryOut ; Output ; Info     ; Connected to dangling logic. Logic that only feeds a dangling port will be removed. ;
; carryIn  ; Input  ; Info     ; Stuck at GND                                                                        ;
+----------+--------+----------+-------------------------------------------------------------------------------------+


+-------------------------------+
; Elapsed Time Per Partition    ;
+----------------+--------------+
; Partition Name ; Elapsed Time ;
+----------------+--------------+
; Top            ; 00:00:02     ;
+----------------+--------------+


+-------------------------------+
; Analysis & Synthesis Messages ;
+-------------------------------+
Info: *******************************************************************
Info: Running Quartus II 64-Bit Analysis & Synthesis
    Info: Version 13.0.0 Build 156 04/24/2013 SJ Web Edition
    Info: Processing started: Sat Oct 10 17:06:47 2015
Info: Command: quartus_map --read_settings_files=on --write_settings_files=off Proje -c Proje
Warning (20028): Parallel compilation is not licensed and has been disabled
Info (12021): Found 1 design units, including 1 entities, in source file myxor.v
    Info (12023): Found entity 1: MyXor
Info (12021): Found 1 design units, including 1 entities, in source file myand.v
    Info (12023): Found entity 1: MyAnd
Info (12021): Found 1 design units, including 1 entities, in source file mux_full.v
    Info (12023): Found entity 1: mux_full
Info (12021): Found 1 design units, including 1 entities, in source file sub4.v
    Info (12023): Found entity 1: Sub4
Info (12021): Found 1 design units, including 1 entities, in source file mux_base.v
    Info (12023): Found entity 1: mux_base
Info (12021): Found 1 design units, including 1 entities, in source file adder4.v
    Info (12023): Found entity 1: Adder4
Info (12021): Found 1 design units, including 1 entities, in source file adder1.v
    Info (12023): Found entity 1: Adder1
Info (12021): Found 1 design units, including 1 entities, in source file sevensegment.v
    Info (12023): Found entity 1: SevenSegment
Info (12021): Found 1 design units, including 1 entities, in source file demo.v
    Info (12023): Found entity 1: demo
Info (12021): Found 1 design units, including 1 entities, in source file demo2.v
    Info (12023): Found entity 1: demo2
Info (12021): Found 1 design units, including 1 entities, in source file proje_pin.v
    Info (12023): Found entity 1: Proje_Pin
Critical Warning (10846): Verilog HDL Instantiation warning at Proje_Pin.v(31): instance has no name
Info (12127): Elaborating entity "Proje_Pin" for the top level hierarchy
Warning (12125): Using design file proje.v, which is not specified as a design file for the current project, but contains definitions for 1 design units and 1 entities in project
    Info (12023): Found entity 1: Proje
Info (12128): Elaborating entity "Proje" for hierarchy "Proje:comb_3"
Warning (10739): Verilog HDL warning at proje.v(14): actual bit length 32 differs from formal bit length 1
Warning (10739): Verilog HDL warning at proje.v(22): actual bit length 32 differs from formal bit length 1
Warning (10739): Verilog HDL warning at proje.v(23): actual bit length 32 differs from formal bit length 1
Warning (10739): Verilog HDL warning at proje.v(24): actual bit length 32 differs from formal bit length 1
Warning (10739): Verilog HDL warning at proje.v(25): actual bit length 32 differs from formal bit length 1
Warning (10739): Verilog HDL warning at proje.v(26): actual bit length 32 differs from formal bit length 1
Warning (10739): Verilog HDL warning at proje.v(27): actual bit length 32 differs from formal bit length 1
Info (12128): Elaborating entity "Adder4" for hierarchy "Proje:comb_3|Adder4:myAdd"
Info (12128): Elaborating entity "Adder1" for hierarchy "Proje:comb_3|Adder4:myAdd|Adder1:addr1"
Info (12128): Elaborating entity "Sub4" for hierarchy "Proje:comb_3|Sub4:mySub"
Warning (10739): Verilog HDL warning at Sub4.v(10): actual bit length 32 differs from formal bit length 1
Warning (10739): Verilog HDL warning at Sub4.v(12): actual bit length 32 differs from formal bit length 1
Warning (10739): Verilog HDL warning at Sub4.v(13): actual bit length 32 differs from formal bit length 1
Warning (10739): Verilog HDL warning at Sub4.v(14): actual bit length 32 differs from formal bit length 1
Warning (10739): Verilog HDL warning at Sub4.v(15): actual bit length 32 differs from formal bit length 1
Info (12128): Elaborating entity "MyAnd" for hierarchy "Proje:comb_3|MyAnd:my_And"
Info (12128): Elaborating entity "MyXor" for hierarchy "Proje:comb_3|MyXor:my_Xor"
Info (12128): Elaborating entity "mux_full" for hierarchy "Proje:comb_3|mux_full:testme"
Info (12128): Elaborating entity "mux_base" for hierarchy "Proje:comb_3|mux_full:testme|mux_base:calcbit0"
Info (12128): Elaborating entity "SevenSegment" for hierarchy "Proje:comb_3|SevenSegment:mySS"
Warning (10739): Verilog HDL warning at SevenSegment.v(92): actual bit length 32 differs from formal bit length 1
Warning (10739): Verilog HDL warning at SevenSegment.v(93): actual bit length 32 differs from formal bit length 1
Warning (10739): Verilog HDL warning at SevenSegment.v(94): actual bit length 32 differs from formal bit length 1
Warning (10739): Verilog HDL warning at SevenSegment.v(95): actual bit length 32 differs from formal bit length 1
Warning (10739): Verilog HDL warning at SevenSegment.v(96): actual bit length 32 differs from formal bit length 1
Warning (10739): Verilog HDL warning at SevenSegment.v(97): actual bit length 32 differs from formal bit length 1
Warning (10739): Verilog HDL warning at SevenSegment.v(98): actual bit length 32 differs from formal bit length 1
Warning (13024): Output pins are stuck at VCC or GND
    Warning (13410): Pin "led[4]" is stuck at GND
    Warning (13410): Pin "led[5]" is stuck at GND
    Warning (13410): Pin "led[6]" is stuck at GND
    Warning (13410): Pin "led[7]" is stuck at GND
    Warning (13410): Pin "led[8]" is stuck at GND
    Warning (13410): Pin "led[9]" is stuck at GND
Info (286030): Timing-Driven Synthesis is running
Info (16010): Generating hard_block partition "hard_block:auto_generated_inst"
    Info (16011): Adding 0 node(s), including 0 DDIO, 0 PLL, 0 transceiver and 0 LCELL
Info (21057): Implemented 45 device resources after synthesis - the final resource count might be different
    Info (21058): Implemented 10 input pins
    Info (21059): Implemented 17 output pins
    Info (21061): Implemented 18 logic cells
Info: Quartus II 64-Bit Analysis & Synthesis was successful. 0 errors, 29 warnings
    Info: Peak virtual memory: 446 megabytes
    Info: Processing ended: Sat Oct 10 17:06:56 2015
    Info: Elapsed time: 00:00:09
    Info: Total CPU time (on all processors): 00:00:02


